GC_ACCEPTANCE_BD_BIN
GC_ACCEPTANCE_BEADS_PROVIDER
GC_ACCEPTANCE_GC_BIN
GC_AGENT
GC_AGENT_SLICE
GC_ALIAS
GC_ALLOW_PROD_DOLT_PORT_IN_TESTS
GC_BD_PROBE_TIMEOUT
GC_BD_TRACE
GC_BD_TRACE_JSON
GC_BD_TRACE_SCOPE
GC_BEADS
GC_BEADS_API
GC_BEADS_BACKEND
GC_BEADS_CONDITIONAL_WRITES
GC_BEADS_FORCE_FALLBACK
GC_BEADS_PROJECT_ID
GC_BEADS_SCOPE_ROOT
GC_BOOTSTRAP
GC_BRANCH
GC_CAPABILITY_WORKSPACE_OK
GC_CEILING_DIRECTORIES
GC_CITY
GC_CITY_CONTEXT
GC_CITY_PATH
GC_CITY_READ_EPOCH_FLOOR
GC_CITY_READ_PUBKEY
GC_CITY_READ_REQUIRED
GC_CITY_RUNTIME_DIR
GC_CITY_URL
GC_CITY_URL_TOKEN
GC_CITY_WRITE_ALLOW_UNVERIFIED
GC_CITY_WRITE_CID
GC_CITY_WRITE_EPOCH_FLOOR
GC_CITY_WRITE_PUBKEY
GC_CITY_WRITE_REQUIRED
GC_CONTEXT_WINDOW_TOKENS
GC_CONTINUATION_EPOCH
GC_CONTROLLER_TOKEN
GC_CONTROL_DISPATCHER_TRACE_DEFAULT
GC_CONVERGE_SHADOW
GC_CREDENTIALS_PATH
GC_CREDENTIAL_CITY
GC_DEBUG
GC_DIR
GC_DOLT
GC_DOLT_ARCHIVE_LEVEL
GC_DOLT_AUTO_GC_ENABLED
GC_DOLT_CRED_CMD
GC_DOLT_DATABASE
GC_DOLT_HOST
GC_DOLT_MIN_FREE_BYTES
GC_DOLT_PASSWORD
GC_DOLT_PORT
GC_DOLT_SCOPE_WATCHDOG
GC_DOLT_SCOPE_WATCHDOG_INTERVAL_MS
GC_DOLT_USER
GC_DOLT_WAIT_TIMEOUT
GC_DOLT_WARN_FREE_BYTES
GC_DRAIN_ACK_SOURCE
GC_DRAIN_GENERATION
GC_DRAIN_REASON
GC_EVENTS
GC_EVENTS_ROTATION_ENABLED
GC_EVENTS_ROTATION_MAX_SIZE_BYTES
GC_EVENTS_ROTATION_RETAIN_AGE
GC_EXEC_INFO
GC_EXEC_STATE_DIR
GC_FAKE_WORKER_CONFIG
GC_FAKE_WORKER_EVENT_LOG_PATH
GC_FAKE_WORKER_START_FILE
GC_FAKE_WORKER_STATE_PATH
GC_FAKE_WORKER_TRANSCRIPT_PATH
GC_FAST_UNIT
GC_FORMULA_REF
GC_GIT_CREDENTIALS_FILE
GC_GIT_CREDENTIAL_COMMAND
GC_GRANT_INFO
GC_HOME
GC_HOOK_EVENT_NAME
GC_HOOK_SOURCE
GC_HYBRID_REMOTE_MATCH
GC_INJECT_CLOCK
GC_INJECT_CONTEXT
GC_INTEGRATION_REAL_BD
GC_ISOLATED
GC_JSON_CONTRACT_STRICT
GC_K8S_AFFINITY
GC_K8S_CONTEXT
GC_K8S_DOLT_HOST
GC_K8S_DOLT_PORT
GC_K8S_IMAGE
GC_K8S_NODE_SELECTOR
GC_K8S_PREBAKED
GC_K8S_PRIORITY_CLASS_NAME
GC_K8S_SERVICE_ACCOUNT
GC_K8S_TOLERATIONS
GC_LOG_BD_OUTPUT
GC_LOG_TMUX_CACHE
GC_MAIL
GC_MANAGED_DOLT_TEST_MODE
GC_MANAGED_DOLT_TEST_PARENT_PID
GC_MANAGED_DOLT_TEST_WATCHDOG
GC_MANAGED_SESSION_HOOK
GC_NATIVE_DOLTLITE_BEADS
GC_NO_API
GC_NUDGE_POLL_MEMLIMIT_MB
GC_NUDGE_POLL_PPROF_ADDR
GC_OPERATOR_TZ
GC_OTEL_LOGS_URL
GC_OTEL_METRICS_URL
GC_PACK_STATE_DIR
GC_POSTGRES_PASSWORD
GC_PPROF
GC_PROVIDER_SESSION_ID
GC_PROVIDER_SESSION_ID_REQUIRED
GC_READY_PROMPT_PREFIX
GC_REAL_PROCESS_SIGNAL_TESTS
GC_REGISTRY_CONFIG_PATH
GC_REGISTRY_CSRF_TOKEN
GC_REGISTRY_FRESHNESS
GC_REGISTRY_SESSION
GC_REGISTRY_TOKEN
GC_REGISTRY_URL
GC_RIG
GC_RIG_ROOT
GC_RPP_CONN_EXEC_OK
GC_RPP_PROVISION_OK
GC_SERVICE_TOKEN
GC_SERVICE_URL
GC_SESSION
GC_SESSION_ID
GC_SESSION_NAME
GC_SESSION_ORIGIN
GC_SESSION_RECONCILER_TRACE
GC_SHARED_SKILL_CATALOG_SNAPSHOT
GC_SLING_TRACE
GC_STARTUP_PROMPT_DELIVERED
GC_STORE_ROOT
GC_SUPERVISOR_DASHBOARD
GC_SUPERVISOR_ENV
GC_SUPERVISOR_FS_PRESSURE_THRESHOLD
GC_SUPERVISOR_LOG_TEE
GC_SUPERVISOR_OMIT_PROVIDER_CREDS
GC_SUPERVISOR_PRESERVE_SESSIONS_ON_SIGNAL
GC_SUPERVISOR_SYSTEMD_SCOPE
GC_SUPERVISOR_SYSTEMD_UNIT
GC_SUSPENDED
GC_T3BRIDGE_DEBUG
GC_T3BRIDGE_STATE_DIR
GC_TEMPLATE
GC_TESTENV_PASSTHROUGH
GC_TMUX_CACHE_TTL
GC_TMUX_SESSION
GC_TMUX_TRACE
GC_TRANSCRIPTS_DEST
GC_TRANSCRIPTS_SRC
GC_WEBHOOK_
GC_WEBHOOK_ARG_
GC_WISP_GC_CLOSE_ABANDONED
GC_WISP_GC_REAP_ORPHANS
GC_WORKER_REPORT_DIR
GC_WORKFLOW_TRACE
GC_WORK_RECORD_ENFORCE
